// Jest Snapshot v1, https://goo.gl/fbAQLP

exports[`FAQ component renders the UI as expected 1`] = `
<div
  className="error-container"
>
  <p />
  <button
    type="button"
  >
    X
  </button>
</div>
`;
