// Jest Snapshot v1, https://goo.gl/fbAQLP

exports[`FilterPartiesForm component renders the UI as expected 1`] = `
<form
  className="parties-filters"
  onSubmit={[Function]}
>
  <h4>
    Search
  </h4>
  <hr />
  <input
    maxLength="72"
    onChange={[Function]}
    type="text"
    value=""
  />
  <div
    className="parties-filters"
  >
    <h4>
      Requirements
    </h4>
    <hr />
    <select
      onChange={[Function]}
    >
      <option
        value="0"
      >
        Select a requirement...
      </option>
    </select>
    <div
      className="inactive-dropdown"
    />
  </div>
  <div
    className="parties-filters"
  >
    <h4>
      Roles
    </h4>
    <hr />
    <select
      onChange={[Function]}
    >
      <option
        value="0"
      >
        Select a role...
      </option>
    </select>
    <div
      className="inactive-dropdown"
    />
  </div>
  <hr />
  <button
    type="submit"
  >
    Filter Parties
  </button>
  <button
    onClick={[Function]}
    type="reset"
  >
    Reset Filters
  </button>
  <hr />
  <div
    className="gamemode-filter-selected"
  >
    All
  </div>
  <hr />
</form>
`;
